// Vitest Snapshot v1

exports[`Header > should render 1`] = `"Arcgis MapHomeAboutContact"`;
