// Vitest Snapshot v1

exports[`#App > serial test 1`] = `"Arcgis MapHomeAboutContactLoading..Mock MapÂ© COPYRIGHT ALI ASGHAR SULTANI - 2023"`;
